# serializer version: 1
# name: TestSessionReplayEventsHogQLQueries.test_session_replay_events_table_is_always_grouped_by_session_id
  '''
  SELECT session_replay_events.distinct_id AS distinct_id,
         sum(session_replay_events.mouse_activity_count) AS mouse_activity_count
  FROM
    (SELECT any(session_replay_events.distinct_id) AS distinct_id,
            sum(session_replay_events.mouse_activity_count) AS mouse_activity_count
     FROM session_replay_events
     WHERE equals(session_replay_events.team_id, 2)
     GROUP BY session_replay_events.session_id) AS session_replay_events
  GROUP BY session_replay_events.distinct_id
  ORDER BY mouse_activity_count DESC
  LIMIT 101
  OFFSET 0 SETTINGS readonly=2,
                    max_execution_time=60,
                    allow_experimental_object_type=1
  '''
# ---
