---
source: hogql-parser/tests/parser_tests.rs
expression: ast
---
{
  "Program": {
    "declarations": [
      {
        "SelectStmt": {
          "columns": [
            {
              "ColumnExprIdentifier": "id"
            }
          ],
          "distinct": false,
          "from": {
            "ColumnExprIdentifier": "orders"
          },
          "group_by": null,
          "having": null,
          "limit": null,
          "order_by": null,
          "where_clause": {
            "ColumnExprBinaryOp": {
              "left": {
                "ColumnExprBinaryOp": {
                  "left": {
                    "ColumnExprIdentifier": "status"
                  },
                  "op": "=",
                  "right": {
                    "StringLiteral": "pending"
                  }
                }
              },
              "op": "OR",
              "right": {
                "ColumnExprBinaryOp": {
                  "left": {
                    "ColumnExprIdentifier": "status"
                  },
                  "op": "=",
                  "right": {
                    "StringLiteral": "processing"
                  }
                }
              }
            }
          }
        }
      }
    ]
  }
}
